[2025-11-21 21:27:32,785] 39 root - WARNING - FMP API limit reached; falling back to yfinance for AAPL
[2025-11-21 21:27:32,855] 39 root - WARNING - FMP API limit reached; falling back to yfinance for AAPL
[2025-11-21 21:27:32,866] 39 root - WARNING - FMP API limit reached; falling back to yfinance for AAPL
[2025-11-21 21:27:32,876] 39 root - WARNING - FMP API limit reached; falling back to yfinance for AAPL
[2025-11-21 21:27:32,879] 39 root - WARNING - FMP API limit reached; falling back to yfinance for AAPL
[2025-11-21 21:27:32,950] 39 root - WARNING - FMP API limit reached; falling back to yfinance for AAPL
[2025-11-21 21:27:35,042] 80 root - ERROR - Primary ingestion failed; fallback to yfinance. Error: Error occured in python script name [D:\manoj\machine learning\Visualisation_Forecasting_Stocks\backend\src\components\data_ingestion.py] line number [102] error message [['date']]
Traceback (most recent call last):
  File "D:\manoj\machine learning\Visualisation_Forecasting_Stocks\backend\src\components\data_ingestion.py", line 102, in _fallback_yfinance
    df = df.dropna(subset=['date']).sort_values('date').reset_index(drop=True)
         ~~~~~~~~~^^^^^^^^^^^^^^^^^
  File "D:\manoj\machine learning\Visualisation_Forecasting_Stocks\backend\.venv\Lib\site-packages\pandas\core\frame.py", line 6692, in dropna
    raise KeyError(np.array(subset)[check].tolist())
KeyError: ['date']

During handling of the above exception, another exception occurred:

Traceback (most recent call last):
  File "D:\manoj\machine learning\Visualisation_Forecasting_Stocks\backend\src\components\data_ingestion.py", line 40, in fin_data_ingestion
    return self._fallback_yfinance()
           ~~~~~~~~~~~~~~~~~~~~~~~^^
  File "D:\manoj\machine learning\Visualisation_Forecasting_Stocks\backend\src\components\data_ingestion.py", line 107, in _fallback_yfinance
    raise CustomException(e, sys)
src.exception.CustomException: Error occured in python script name [D:\manoj\machine learning\Visualisation_Forecasting_Stocks\backend\src\components\data_ingestion.py] line number [102] error message [['date']]
[2025-11-21 21:27:35,074] 80 root - ERROR - Primary ingestion failed; fallback to yfinance. Error: Error occured in python script name [D:\manoj\machine learning\Visualisation_Forecasting_Stocks\backend\src\components\data_ingestion.py] line number [102] error message [['date']]
Traceback (most recent call last):
  File "D:\manoj\machine learning\Visualisation_Forecasting_Stocks\backend\src\components\data_ingestion.py", line 102, in _fallback_yfinance
    df = df.dropna(subset=['date']).sort_values('date').reset_index(drop=True)
         ~~~~~~~~~^^^^^^^^^^^^^^^^^
  File "D:\manoj\machine learning\Visualisation_Forecasting_Stocks\backend\.venv\Lib\site-packages\pandas\core\frame.py", line 6692, in dropna
    raise KeyError(np.array(subset)[check].tolist())
KeyError: ['date']

During handling of the above exception, another exception occurred:

Traceback (most recent call last):
  File "D:\manoj\machine learning\Visualisation_Forecasting_Stocks\backend\src\components\data_ingestion.py", line 40, in fin_data_ingestion
    return self._fallback_yfinance()
           ~~~~~~~~~~~~~~~~~~~~~~~^^
  File "D:\manoj\machine learning\Visualisation_Forecasting_Stocks\backend\src\components\data_ingestion.py", line 107, in _fallback_yfinance
    raise CustomException(e, sys)
src.exception.CustomException: Error occured in python script name [D:\manoj\machine learning\Visualisation_Forecasting_Stocks\backend\src\components\data_ingestion.py] line number [102] error message [['date']]
[2025-11-21 21:27:35,106] 80 root - ERROR - Primary ingestion failed; fallback to yfinance. Error: Error occured in python script name [D:\manoj\machine learning\Visualisation_Forecasting_Stocks\backend\src\components\data_ingestion.py] line number [102] error message [['date']]
Traceback (most recent call last):
  File "D:\manoj\machine learning\Visualisation_Forecasting_Stocks\backend\src\components\data_ingestion.py", line 102, in _fallback_yfinance
    df = df.dropna(subset=['date']).sort_values('date').reset_index(drop=True)
         ~~~~~~~~~^^^^^^^^^^^^^^^^^
  File "D:\manoj\machine learning\Visualisation_Forecasting_Stocks\backend\.venv\Lib\site-packages\pandas\core\frame.py", line 6692, in dropna
    raise KeyError(np.array(subset)[check].tolist())
KeyError: ['date']

During handling of the above exception, another exception occurred:

Traceback (most recent call last):
  File "D:\manoj\machine learning\Visualisation_Forecasting_Stocks\backend\src\components\data_ingestion.py", line 40, in fin_data_ingestion
    return self._fallback_yfinance()
           ~~~~~~~~~~~~~~~~~~~~~~~^^
  File "D:\manoj\machine learning\Visualisation_Forecasting_Stocks\backend\src\components\data_ingestion.py", line 107, in _fallback_yfinance
    raise CustomException(e, sys)
src.exception.CustomException: Error occured in python script name [D:\manoj\machine learning\Visualisation_Forecasting_Stocks\backend\src\components\data_ingestion.py] line number [102] error message [['date']]
[2025-11-21 21:27:35,156] 80 root - ERROR - Primary ingestion failed; fallback to yfinance. Error: Error occured in python script name [D:\manoj\machine learning\Visualisation_Forecasting_Stocks\backend\src\components\data_ingestion.py] line number [102] error message [['date']]
Traceback (most recent call last):
  File "D:\manoj\machine learning\Visualisation_Forecasting_Stocks\backend\src\components\data_ingestion.py", line 102, in _fallback_yfinance
    df = df.dropna(subset=['date']).sort_values('date').reset_index(drop=True)
         ~~~~~~~~~^^^^^^^^^^^^^^^^^
  File "D:\manoj\machine learning\Visualisation_Forecasting_Stocks\backend\.venv\Lib\site-packages\pandas\core\frame.py", line 6692, in dropna
    raise KeyError(np.array(subset)[check].tolist())
KeyError: ['date']

During handling of the above exception, another exception occurred:

Traceback (most recent call last):
  File "D:\manoj\machine learning\Visualisation_Forecasting_Stocks\backend\src\components\data_ingestion.py", line 40, in fin_data_ingestion
    return self._fallback_yfinance()
           ~~~~~~~~~~~~~~~~~~~~~~~^^
  File "D:\manoj\machine learning\Visualisation_Forecasting_Stocks\backend\src\components\data_ingestion.py", line 107, in _fallback_yfinance
    raise CustomException(e, sys)
src.exception.CustomException: Error occured in python script name [D:\manoj\machine learning\Visualisation_Forecasting_Stocks\backend\src\components\data_ingestion.py] line number [102] error message [['date']]
[2025-11-21 21:27:35,158] 80 root - ERROR - Primary ingestion failed; fallback to yfinance. Error: Error occured in python script name [D:\manoj\machine learning\Visualisation_Forecasting_Stocks\backend\src\components\data_ingestion.py] line number [102] error message [['date']]
Traceback (most recent call last):
  File "D:\manoj\machine learning\Visualisation_Forecasting_Stocks\backend\src\components\data_ingestion.py", line 102, in _fallback_yfinance
    df = df.dropna(subset=['date']).sort_values('date').reset_index(drop=True)
         ~~~~~~~~~^^^^^^^^^^^^^^^^^
  File "D:\manoj\machine learning\Visualisation_Forecasting_Stocks\backend\.venv\Lib\site-packages\pandas\core\frame.py", line 6692, in dropna
    raise KeyError(np.array(subset)[check].tolist())
KeyError: ['date']

During handling of the above exception, another exception occurred:

Traceback (most recent call last):
  File "D:\manoj\machine learning\Visualisation_Forecasting_Stocks\backend\src\components\data_ingestion.py", line 40, in fin_data_ingestion
    return self._fallback_yfinance()
           ~~~~~~~~~~~~~~~~~~~~~~~^^
  File "D:\manoj\machine learning\Visualisation_Forecasting_Stocks\backend\src\components\data_ingestion.py", line 107, in _fallback_yfinance
    raise CustomException(e, sys)
src.exception.CustomException: Error occured in python script name [D:\manoj\machine learning\Visualisation_Forecasting_Stocks\backend\src\components\data_ingestion.py] line number [102] error message [['date']]
[2025-11-21 21:27:35,174] 80 root - ERROR - Primary ingestion failed; fallback to yfinance. Error: Error occured in python script name [D:\manoj\machine learning\Visualisation_Forecasting_Stocks\backend\src\components\data_ingestion.py] line number [102] error message [['date']]
Traceback (most recent call last):
  File "D:\manoj\machine learning\Visualisation_Forecasting_Stocks\backend\src\components\data_ingestion.py", line 102, in _fallback_yfinance
    df = df.dropna(subset=['date']).sort_values('date').reset_index(drop=True)
         ~~~~~~~~~^^^^^^^^^^^^^^^^^
  File "D:\manoj\machine learning\Visualisation_Forecasting_Stocks\backend\.venv\Lib\site-packages\pandas\core\frame.py", line 6692, in dropna
    raise KeyError(np.array(subset)[check].tolist())
KeyError: ['date']

During handling of the above exception, another exception occurred:

Traceback (most recent call last):
  File "D:\manoj\machine learning\Visualisation_Forecasting_Stocks\backend\src\components\data_ingestion.py", line 40, in fin_data_ingestion
    return self._fallback_yfinance()
           ~~~~~~~~~~~~~~~~~~~~~~~^^
  File "D:\manoj\machine learning\Visualisation_Forecasting_Stocks\backend\src\components\data_ingestion.py", line 107, in _fallback_yfinance
    raise CustomException(e, sys)
src.exception.CustomException: Error occured in python script name [D:\manoj\machine learning\Visualisation_Forecasting_Stocks\backend\src\components\data_ingestion.py] line number [102] error message [['date']]
[2025-11-21 21:27:36,203] 84 root - CRITICAL - Fallback yfinance ingestion failed for AAPL
Traceback (most recent call last):
  File "D:\manoj\machine learning\Visualisation_Forecasting_Stocks\backend\src\components\data_ingestion.py", line 102, in _fallback_yfinance
    df = df.dropna(subset=['date']).sort_values('date').reset_index(drop=True)
         ~~~~~~~~~^^^^^^^^^^^^^^^^^
  File "D:\manoj\machine learning\Visualisation_Forecasting_Stocks\backend\.venv\Lib\site-packages\pandas\core\frame.py", line 6692, in dropna
    raise KeyError(np.array(subset)[check].tolist())
KeyError: ['date']

During handling of the above exception, another exception occurred:

Traceback (most recent call last):
  File "D:\manoj\machine learning\Visualisation_Forecasting_Stocks\backend\src\components\data_ingestion.py", line 40, in fin_data_ingestion
    return self._fallback_yfinance()
           ~~~~~~~~~~~~~~~~~~~~~~~^^
  File "D:\manoj\machine learning\Visualisation_Forecasting_Stocks\backend\src\components\data_ingestion.py", line 107, in _fallback_yfinance
    raise CustomException(e, sys)
src.exception.CustomException: Error occured in python script name [D:\manoj\machine learning\Visualisation_Forecasting_Stocks\backend\src\components\data_ingestion.py] line number [102] error message [['date']]

During handling of the above exception, another exception occurred:

Traceback (most recent call last):
  File "D:\manoj\machine learning\Visualisation_Forecasting_Stocks\backend\src\components\data_ingestion.py", line 102, in _fallback_yfinance
    df = df.dropna(subset=['date']).sort_values('date').reset_index(drop=True)
         ~~~~~~~~~^^^^^^^^^^^^^^^^^
  File "D:\manoj\machine learning\Visualisation_Forecasting_Stocks\backend\.venv\Lib\site-packages\pandas\core\frame.py", line 6692, in dropna
    raise KeyError(np.array(subset)[check].tolist())
KeyError: ['date']

During handling of the above exception, another exception occurred:

Traceback (most recent call last):
  File "D:\manoj\machine learning\Visualisation_Forecasting_Stocks\backend\src\components\data_ingestion.py", line 82, in fin_data_ingestion
    return self._fallback_yfinance()
           ~~~~~~~~~~~~~~~~~~~~~~~^^
  File "D:\manoj\machine learning\Visualisation_Forecasting_Stocks\backend\src\components\data_ingestion.py", line 107, in _fallback_yfinance
    raise CustomException(e, sys)
src.exception.CustomException: Error occured in python script name [D:\manoj\machine learning\Visualisation_Forecasting_Stocks\backend\src\components\data_ingestion.py] line number [102] error message [['date']]
[2025-11-21 21:27:36,337] 84 root - CRITICAL - Fallback yfinance ingestion failed for AAPL
Traceback (most recent call last):
  File "D:\manoj\machine learning\Visualisation_Forecasting_Stocks\backend\src\components\data_ingestion.py", line 102, in _fallback_yfinance
    df = df.dropna(subset=['date']).sort_values('date').reset_index(drop=True)
         ~~~~~~~~~^^^^^^^^^^^^^^^^^
  File "D:\manoj\machine learning\Visualisation_Forecasting_Stocks\backend\.venv\Lib\site-packages\pandas\core\frame.py", line 6692, in dropna
    raise KeyError(np.array(subset)[check].tolist())
KeyError: ['date']

During handling of the above exception, another exception occurred:

Traceback (most recent call last):
  File "D:\manoj\machine learning\Visualisation_Forecasting_Stocks\backend\src\components\data_ingestion.py", line 40, in fin_data_ingestion
    return self._fallback_yfinance()
           ~~~~~~~~~~~~~~~~~~~~~~~^^
  File "D:\manoj\machine learning\Visualisation_Forecasting_Stocks\backend\src\components\data_ingestion.py", line 107, in _fallback_yfinance
    raise CustomException(e, sys)
src.exception.CustomException: Error occured in python script name [D:\manoj\machine learning\Visualisation_Forecasting_Stocks\backend\src\components\data_ingestion.py] line number [102] error message [['date']]

During handling of the above exception, another exception occurred:

Traceback (most recent call last):
  File "D:\manoj\machine learning\Visualisation_Forecasting_Stocks\backend\src\components\data_ingestion.py", line 102, in _fallback_yfinance
    df = df.dropna(subset=['date']).sort_values('date').reset_index(drop=True)
         ~~~~~~~~~^^^^^^^^^^^^^^^^^
  File "D:\manoj\machine learning\Visualisation_Forecasting_Stocks\backend\.venv\Lib\site-packages\pandas\core\frame.py", line 6692, in dropna
    raise KeyError(np.array(subset)[check].tolist())
KeyError: ['date']

During handling of the above exception, another exception occurred:

Traceback (most recent call last):
  File "D:\manoj\machine learning\Visualisation_Forecasting_Stocks\backend\src\components\data_ingestion.py", line 82, in fin_data_ingestion
    return self._fallback_yfinance()
           ~~~~~~~~~~~~~~~~~~~~~~~^^
  File "D:\manoj\machine learning\Visualisation_Forecasting_Stocks\backend\src\components\data_ingestion.py", line 107, in _fallback_yfinance
    raise CustomException(e, sys)
src.exception.CustomException: Error occured in python script name [D:\manoj\machine learning\Visualisation_Forecasting_Stocks\backend\src\components\data_ingestion.py] line number [102] error message [['date']]
[2025-11-21 21:27:36,400] 84 root - CRITICAL - Fallback yfinance ingestion failed for AAPL
Traceback (most recent call last):
  File "D:\manoj\machine learning\Visualisation_Forecasting_Stocks\backend\src\components\data_ingestion.py", line 102, in _fallback_yfinance
    df = df.dropna(subset=['date']).sort_values('date').reset_index(drop=True)
         ~~~~~~~~~^^^^^^^^^^^^^^^^^
  File "D:\manoj\machine learning\Visualisation_Forecasting_Stocks\backend\.venv\Lib\site-packages\pandas\core\frame.py", line 6692, in dropna
    raise KeyError(np.array(subset)[check].tolist())
KeyError: ['date']

During handling of the above exception, another exception occurred:

Traceback (most recent call last):
  File "D:\manoj\machine learning\Visualisation_Forecasting_Stocks\backend\src\components\data_ingestion.py", line 40, in fin_data_ingestion
    return self._fallback_yfinance()
           ~~~~~~~~~~~~~~~~~~~~~~~^^
  File "D:\manoj\machine learning\Visualisation_Forecasting_Stocks\backend\src\components\data_ingestion.py", line 107, in _fallback_yfinance
    raise CustomException(e, sys)
src.exception.CustomException: Error occured in python script name [D:\manoj\machine learning\Visualisation_Forecasting_Stocks\backend\src\components\data_ingestion.py] line number [102] error message [['date']]

During handling of the above exception, another exception occurred:

Traceback (most recent call last):
  File "D:\manoj\machine learning\Visualisation_Forecasting_Stocks\backend\src\components\data_ingestion.py", line 102, in _fallback_yfinance
    df = df.dropna(subset=['date']).sort_values('date').reset_index(drop=True)
         ~~~~~~~~~^^^^^^^^^^^^^^^^^
  File "D:\manoj\machine learning\Visualisation_Forecasting_Stocks\backend\.venv\Lib\site-packages\pandas\core\frame.py", line 6692, in dropna
    raise KeyError(np.array(subset)[check].tolist())
KeyError: ['date']

During handling of the above exception, another exception occurred:

Traceback (most recent call last):
  File "D:\manoj\machine learning\Visualisation_Forecasting_Stocks\backend\src\components\data_ingestion.py", line 82, in fin_data_ingestion
    return self._fallback_yfinance()
           ~~~~~~~~~~~~~~~~~~~~~~~^^
  File "D:\manoj\machine learning\Visualisation_Forecasting_Stocks\backend\src\components\data_ingestion.py", line 107, in _fallback_yfinance
    raise CustomException(e, sys)
src.exception.CustomException: Error occured in python script name [D:\manoj\machine learning\Visualisation_Forecasting_Stocks\backend\src\components\data_ingestion.py] line number [102] error message [['date']]
[2025-11-21 21:27:36,404] 84 root - CRITICAL - Fallback yfinance ingestion failed for AAPL
Traceback (most recent call last):
  File "D:\manoj\machine learning\Visualisation_Forecasting_Stocks\backend\src\components\data_ingestion.py", line 102, in _fallback_yfinance
    df = df.dropna(subset=['date']).sort_values('date').reset_index(drop=True)
         ~~~~~~~~~^^^^^^^^^^^^^^^^^
  File "D:\manoj\machine learning\Visualisation_Forecasting_Stocks\backend\.venv\Lib\site-packages\pandas\core\frame.py", line 6692, in dropna
    raise KeyError(np.array(subset)[check].tolist())
KeyError: ['date']

During handling of the above exception, another exception occurred:

Traceback (most recent call last):
  File "D:\manoj\machine learning\Visualisation_Forecasting_Stocks\backend\src\components\data_ingestion.py", line 40, in fin_data_ingestion
    return self._fallback_yfinance()
           ~~~~~~~~~~~~~~~~~~~~~~~^^
  File "D:\manoj\machine learning\Visualisation_Forecasting_Stocks\backend\src\components\data_ingestion.py", line 107, in _fallback_yfinance
    raise CustomException(e, sys)
src.exception.CustomException: Error occured in python script name [D:\manoj\machine learning\Visualisation_Forecasting_Stocks\backend\src\components\data_ingestion.py] line number [102] error message [['date']]

During handling of the above exception, another exception occurred:

Traceback (most recent call last):
  File "D:\manoj\machine learning\Visualisation_Forecasting_Stocks\backend\src\components\data_ingestion.py", line 102, in _fallback_yfinance
    df = df.dropna(subset=['date']).sort_values('date').reset_index(drop=True)
         ~~~~~~~~~^^^^^^^^^^^^^^^^^
  File "D:\manoj\machine learning\Visualisation_Forecasting_Stocks\backend\.venv\Lib\site-packages\pandas\core\frame.py", line 6692, in dropna
    raise KeyError(np.array(subset)[check].tolist())
KeyError: ['date']

During handling of the above exception, another exception occurred:

Traceback (most recent call last):
  File "D:\manoj\machine learning\Visualisation_Forecasting_Stocks\backend\src\components\data_ingestion.py", line 82, in fin_data_ingestion
    return self._fallback_yfinance()
           ~~~~~~~~~~~~~~~~~~~~~~~^^
  File "D:\manoj\machine learning\Visualisation_Forecasting_Stocks\backend\src\components\data_ingestion.py", line 107, in _fallback_yfinance
    raise CustomException(e, sys)
src.exception.CustomException: Error occured in python script name [D:\manoj\machine learning\Visualisation_Forecasting_Stocks\backend\src\components\data_ingestion.py] line number [102] error message [['date']]
[2025-11-21 21:27:36,435] 84 root - CRITICAL - Fallback yfinance ingestion failed for AAPL
Traceback (most recent call last):
  File "D:\manoj\machine learning\Visualisation_Forecasting_Stocks\backend\src\components\data_ingestion.py", line 102, in _fallback_yfinance
    df = df.dropna(subset=['date']).sort_values('date').reset_index(drop=True)
         ~~~~~~~~~^^^^^^^^^^^^^^^^^
  File "D:\manoj\machine learning\Visualisation_Forecasting_Stocks\backend\.venv\Lib\site-packages\pandas\core\frame.py", line 6692, in dropna
    raise KeyError(np.array(subset)[check].tolist())
KeyError: ['date']

During handling of the above exception, another exception occurred:

Traceback (most recent call last):
  File "D:\manoj\machine learning\Visualisation_Forecasting_Stocks\backend\src\components\data_ingestion.py", line 40, in fin_data_ingestion
    return self._fallback_yfinance()
           ~~~~~~~~~~~~~~~~~~~~~~~^^
  File "D:\manoj\machine learning\Visualisation_Forecasting_Stocks\backend\src\components\data_ingestion.py", line 107, in _fallback_yfinance
    raise CustomException(e, sys)
src.exception.CustomException: Error occured in python script name [D:\manoj\machine learning\Visualisation_Forecasting_Stocks\backend\src\components\data_ingestion.py] line number [102] error message [['date']]

During handling of the above exception, another exception occurred:

Traceback (most recent call last):
  File "D:\manoj\machine learning\Visualisation_Forecasting_Stocks\backend\src\components\data_ingestion.py", line 102, in _fallback_yfinance
    df = df.dropna(subset=['date']).sort_values('date').reset_index(drop=True)
         ~~~~~~~~~^^^^^^^^^^^^^^^^^
  File "D:\manoj\machine learning\Visualisation_Forecasting_Stocks\backend\.venv\Lib\site-packages\pandas\core\frame.py", line 6692, in dropna
    raise KeyError(np.array(subset)[check].tolist())
KeyError: ['date']

During handling of the above exception, another exception occurred:

Traceback (most recent call last):
  File "D:\manoj\machine learning\Visualisation_Forecasting_Stocks\backend\src\components\data_ingestion.py", line 82, in fin_data_ingestion
    return self._fallback_yfinance()
           ~~~~~~~~~~~~~~~~~~~~~~~^^
  File "D:\manoj\machine learning\Visualisation_Forecasting_Stocks\backend\src\components\data_ingestion.py", line 107, in _fallback_yfinance
    raise CustomException(e, sys)
src.exception.CustomException: Error occured in python script name [D:\manoj\machine learning\Visualisation_Forecasting_Stocks\backend\src\components\data_ingestion.py] line number [102] error message [['date']]
[2025-11-21 21:27:36,438] 84 root - CRITICAL - Fallback yfinance ingestion failed for AAPL
Traceback (most recent call last):
  File "D:\manoj\machine learning\Visualisation_Forecasting_Stocks\backend\src\components\data_ingestion.py", line 102, in _fallback_yfinance
    df = df.dropna(subset=['date']).sort_values('date').reset_index(drop=True)
         ~~~~~~~~~^^^^^^^^^^^^^^^^^
  File "D:\manoj\machine learning\Visualisation_Forecasting_Stocks\backend\.venv\Lib\site-packages\pandas\core\frame.py", line 6692, in dropna
    raise KeyError(np.array(subset)[check].tolist())
KeyError: ['date']

During handling of the above exception, another exception occurred:

Traceback (most recent call last):
  File "D:\manoj\machine learning\Visualisation_Forecasting_Stocks\backend\src\components\data_ingestion.py", line 40, in fin_data_ingestion
    return self._fallback_yfinance()
           ~~~~~~~~~~~~~~~~~~~~~~~^^
  File "D:\manoj\machine learning\Visualisation_Forecasting_Stocks\backend\src\components\data_ingestion.py", line 107, in _fallback_yfinance
    raise CustomException(e, sys)
src.exception.CustomException: Error occured in python script name [D:\manoj\machine learning\Visualisation_Forecasting_Stocks\backend\src\components\data_ingestion.py] line number [102] error message [['date']]

During handling of the above exception, another exception occurred:

Traceback (most recent call last):
  File "D:\manoj\machine learning\Visualisation_Forecasting_Stocks\backend\src\components\data_ingestion.py", line 102, in _fallback_yfinance
    df = df.dropna(subset=['date']).sort_values('date').reset_index(drop=True)
         ~~~~~~~~~^^^^^^^^^^^^^^^^^
  File "D:\manoj\machine learning\Visualisation_Forecasting_Stocks\backend\.venv\Lib\site-packages\pandas\core\frame.py", line 6692, in dropna
    raise KeyError(np.array(subset)[check].tolist())
KeyError: ['date']

During handling of the above exception, another exception occurred:

Traceback (most recent call last):
  File "D:\manoj\machine learning\Visualisation_Forecasting_Stocks\backend\src\components\data_ingestion.py", line 82, in fin_data_ingestion
    return self._fallback_yfinance()
           ~~~~~~~~~~~~~~~~~~~~~~~^^
  File "D:\manoj\machine learning\Visualisation_Forecasting_Stocks\backend\src\components\data_ingestion.py", line 107, in _fallback_yfinance
    raise CustomException(e, sys)
src.exception.CustomException: Error occured in python script name [D:\manoj\machine learning\Visualisation_Forecasting_Stocks\backend\src\components\data_ingestion.py] line number [102] error message [['date']]
