[2025-11-21 21:31:18,603] 39 root - WARNING - FMP API limit reached; falling back to yfinance for AAPL
[2025-11-21 21:31:18,607] 39 root - WARNING - FMP API limit reached; falling back to yfinance for AAPL
[2025-11-21 21:31:18,608] 39 root - WARNING - FMP API limit reached; falling back to yfinance for AAPL
[2025-11-21 21:31:18,609] 39 root - WARNING - FMP API limit reached; falling back to yfinance for AAPL
[2025-11-21 21:31:18,609] 39 root - WARNING - FMP API limit reached; falling back to yfinance for AAPL
[2025-11-21 21:31:18,610] 39 root - WARNING - FMP API limit reached; falling back to yfinance for AAPL
[2025-11-21 21:31:21,352] 80 root - ERROR - Primary ingestion failed; fallback to yfinance. Error: Error occured in python script name [D:\manoj\machine learning\Visualisation_Forecasting_Stocks\backend\src\components\data_ingestion.py] line number [103] error message [['date']]
Traceback (most recent call last):
  File "D:\manoj\machine learning\Visualisation_Forecasting_Stocks\backend\src\components\data_ingestion.py", line 103, in _fallback_yfinance
    df = df.dropna(subset=['date']).sort_values('date').reset_index(drop=True)
         ~~~~~~~~~^^^^^^^^^^^^^^^^^
  File "D:\manoj\machine learning\Visualisation_Forecasting_Stocks\backend\.venv\Lib\site-packages\pandas\core\frame.py", line 6692, in dropna
    raise KeyError(np.array(subset)[check].tolist())
KeyError: ['date']

During handling of the above exception, another exception occurred:

Traceback (most recent call last):
  File "D:\manoj\machine learning\Visualisation_Forecasting_Stocks\backend\src\components\data_ingestion.py", line 40, in fin_data_ingestion
    return self._fallback_yfinance()
           ~~~~~~~~~~~~~~~~~~~~~~~^^
  File "D:\manoj\machine learning\Visualisation_Forecasting_Stocks\backend\src\components\data_ingestion.py", line 108, in _fallback_yfinance
    raise CustomException(e, sys)
src.exception.CustomException: Error occured in python script name [D:\manoj\machine learning\Visualisation_Forecasting_Stocks\backend\src\components\data_ingestion.py] line number [103] error message [['date']]
[2025-11-21 21:31:21,490] 80 root - ERROR - Primary ingestion failed; fallback to yfinance. Error: Error occured in python script name [D:\manoj\machine learning\Visualisation_Forecasting_Stocks\backend\src\components\data_ingestion.py] line number [103] error message [['date']]
Traceback (most recent call last):
  File "D:\manoj\machine learning\Visualisation_Forecasting_Stocks\backend\src\components\data_ingestion.py", line 103, in _fallback_yfinance
    df = df.dropna(subset=['date']).sort_values('date').reset_index(drop=True)
         ~~~~~~~~~^^^^^^^^^^^^^^^^^
  File "D:\manoj\machine learning\Visualisation_Forecasting_Stocks\backend\.venv\Lib\site-packages\pandas\core\frame.py", line 6692, in dropna
    raise KeyError(np.array(subset)[check].tolist())
KeyError: ['date']

During handling of the above exception, another exception occurred:

Traceback (most recent call last):
  File "D:\manoj\machine learning\Visualisation_Forecasting_Stocks\backend\src\components\data_ingestion.py", line 40, in fin_data_ingestion
    return self._fallback_yfinance()
           ~~~~~~~~~~~~~~~~~~~~~~~^^
  File "D:\manoj\machine learning\Visualisation_Forecasting_Stocks\backend\src\components\data_ingestion.py", line 108, in _fallback_yfinance
    raise CustomException(e, sys)
src.exception.CustomException: Error occured in python script name [D:\manoj\machine learning\Visualisation_Forecasting_Stocks\backend\src\components\data_ingestion.py] line number [103] error message [['date']]
[2025-11-21 21:31:21,512] 80 root - ERROR - Primary ingestion failed; fallback to yfinance. Error: Error occured in python script name [D:\manoj\machine learning\Visualisation_Forecasting_Stocks\backend\src\components\data_ingestion.py] line number [103] error message [['date']]
Traceback (most recent call last):
  File "D:\manoj\machine learning\Visualisation_Forecasting_Stocks\backend\src\components\data_ingestion.py", line 103, in _fallback_yfinance
    df = df.dropna(subset=['date']).sort_values('date').reset_index(drop=True)
         ~~~~~~~~~^^^^^^^^^^^^^^^^^
  File "D:\manoj\machine learning\Visualisation_Forecasting_Stocks\backend\.venv\Lib\site-packages\pandas\core\frame.py", line 6692, in dropna
    raise KeyError(np.array(subset)[check].tolist())
KeyError: ['date']

During handling of the above exception, another exception occurred:

Traceback (most recent call last):
  File "D:\manoj\machine learning\Visualisation_Forecasting_Stocks\backend\src\components\data_ingestion.py", line 40, in fin_data_ingestion
    return self._fallback_yfinance()
           ~~~~~~~~~~~~~~~~~~~~~~~^^
  File "D:\manoj\machine learning\Visualisation_Forecasting_Stocks\backend\src\components\data_ingestion.py", line 108, in _fallback_yfinance
    raise CustomException(e, sys)
src.exception.CustomException: Error occured in python script name [D:\manoj\machine learning\Visualisation_Forecasting_Stocks\backend\src\components\data_ingestion.py] line number [103] error message [['date']]
[2025-11-21 21:31:21,518] 80 root - ERROR - Primary ingestion failed; fallback to yfinance. Error: Error occured in python script name [D:\manoj\machine learning\Visualisation_Forecasting_Stocks\backend\src\components\data_ingestion.py] line number [103] error message [['date']]
Traceback (most recent call last):
  File "D:\manoj\machine learning\Visualisation_Forecasting_Stocks\backend\src\components\data_ingestion.py", line 103, in _fallback_yfinance
    df = df.dropna(subset=['date']).sort_values('date').reset_index(drop=True)
         ~~~~~~~~~^^^^^^^^^^^^^^^^^
  File "D:\manoj\machine learning\Visualisation_Forecasting_Stocks\backend\.venv\Lib\site-packages\pandas\core\frame.py", line 6692, in dropna
    raise KeyError(np.array(subset)[check].tolist())
KeyError: ['date']

During handling of the above exception, another exception occurred:

Traceback (most recent call last):
  File "D:\manoj\machine learning\Visualisation_Forecasting_Stocks\backend\src\components\data_ingestion.py", line 40, in fin_data_ingestion
    return self._fallback_yfinance()
           ~~~~~~~~~~~~~~~~~~~~~~~^^
  File "D:\manoj\machine learning\Visualisation_Forecasting_Stocks\backend\src\components\data_ingestion.py", line 108, in _fallback_yfinance
    raise CustomException(e, sys)
src.exception.CustomException: Error occured in python script name [D:\manoj\machine learning\Visualisation_Forecasting_Stocks\backend\src\components\data_ingestion.py] line number [103] error message [['date']]
[2025-11-21 21:31:21,556] 80 root - ERROR - Primary ingestion failed; fallback to yfinance. Error: Error occured in python script name [D:\manoj\machine learning\Visualisation_Forecasting_Stocks\backend\src\components\data_ingestion.py] line number [103] error message [['date']]
Traceback (most recent call last):
  File "D:\manoj\machine learning\Visualisation_Forecasting_Stocks\backend\src\components\data_ingestion.py", line 103, in _fallback_yfinance
    df = df.dropna(subset=['date']).sort_values('date').reset_index(drop=True)
         ~~~~~~~~~^^^^^^^^^^^^^^^^^
  File "D:\manoj\machine learning\Visualisation_Forecasting_Stocks\backend\.venv\Lib\site-packages\pandas\core\frame.py", line 6692, in dropna
    raise KeyError(np.array(subset)[check].tolist())
KeyError: ['date']

During handling of the above exception, another exception occurred:

Traceback (most recent call last):
  File "D:\manoj\machine learning\Visualisation_Forecasting_Stocks\backend\src\components\data_ingestion.py", line 40, in fin_data_ingestion
    return self._fallback_yfinance()
           ~~~~~~~~~~~~~~~~~~~~~~~^^
  File "D:\manoj\machine learning\Visualisation_Forecasting_Stocks\backend\src\components\data_ingestion.py", line 108, in _fallback_yfinance
    raise CustomException(e, sys)
src.exception.CustomException: Error occured in python script name [D:\manoj\machine learning\Visualisation_Forecasting_Stocks\backend\src\components\data_ingestion.py] line number [103] error message [['date']]
[2025-11-21 21:31:21,575] 80 root - ERROR - Primary ingestion failed; fallback to yfinance. Error: Error occured in python script name [D:\manoj\machine learning\Visualisation_Forecasting_Stocks\backend\src\components\data_ingestion.py] line number [103] error message [['date']]
Traceback (most recent call last):
  File "D:\manoj\machine learning\Visualisation_Forecasting_Stocks\backend\src\components\data_ingestion.py", line 103, in _fallback_yfinance
    df = df.dropna(subset=['date']).sort_values('date').reset_index(drop=True)
         ~~~~~~~~~^^^^^^^^^^^^^^^^^
  File "D:\manoj\machine learning\Visualisation_Forecasting_Stocks\backend\.venv\Lib\site-packages\pandas\core\frame.py", line 6692, in dropna
    raise KeyError(np.array(subset)[check].tolist())
KeyError: ['date']

During handling of the above exception, another exception occurred:

Traceback (most recent call last):
  File "D:\manoj\machine learning\Visualisation_Forecasting_Stocks\backend\src\components\data_ingestion.py", line 40, in fin_data_ingestion
    return self._fallback_yfinance()
           ~~~~~~~~~~~~~~~~~~~~~~~^^
  File "D:\manoj\machine learning\Visualisation_Forecasting_Stocks\backend\src\components\data_ingestion.py", line 108, in _fallback_yfinance
    raise CustomException(e, sys)
src.exception.CustomException: Error occured in python script name [D:\manoj\machine learning\Visualisation_Forecasting_Stocks\backend\src\components\data_ingestion.py] line number [103] error message [['date']]
[2025-11-21 21:31:21,861] 84 root - CRITICAL - Fallback yfinance ingestion failed for AAPL
Traceback (most recent call last):
  File "D:\manoj\machine learning\Visualisation_Forecasting_Stocks\backend\src\components\data_ingestion.py", line 103, in _fallback_yfinance
    df = df.dropna(subset=['date']).sort_values('date').reset_index(drop=True)
         ~~~~~~~~~^^^^^^^^^^^^^^^^^
  File "D:\manoj\machine learning\Visualisation_Forecasting_Stocks\backend\.venv\Lib\site-packages\pandas\core\frame.py", line 6692, in dropna
    raise KeyError(np.array(subset)[check].tolist())
KeyError: ['date']

During handling of the above exception, another exception occurred:

Traceback (most recent call last):
  File "D:\manoj\machine learning\Visualisation_Forecasting_Stocks\backend\src\components\data_ingestion.py", line 40, in fin_data_ingestion
    return self._fallback_yfinance()
           ~~~~~~~~~~~~~~~~~~~~~~~^^
  File "D:\manoj\machine learning\Visualisation_Forecasting_Stocks\backend\src\components\data_ingestion.py", line 108, in _fallback_yfinance
    raise CustomException(e, sys)
src.exception.CustomException: Error occured in python script name [D:\manoj\machine learning\Visualisation_Forecasting_Stocks\backend\src\components\data_ingestion.py] line number [103] error message [['date']]

During handling of the above exception, another exception occurred:

Traceback (most recent call last):
  File "D:\manoj\machine learning\Visualisation_Forecasting_Stocks\backend\.venv\Lib\site-packages\yfinance\multi.py", line 218, in download
    data = _pd.concat(shared._DFS.values(), axis=1, sort=True,
                      keys=shared._DFS.keys(), names=['Ticker', 'Price'])
  File "D:\manoj\machine learning\Visualisation_Forecasting_Stocks\backend\.venv\Lib\site-packages\pandas\core\reshape\concat.py", line 382, in concat
    op = _Concatenator(
        objs,
    ...<8 lines>...
        sort=sort,
    )
  File "D:\manoj\machine learning\Visualisation_Forecasting_Stocks\backend\.venv\Lib\site-packages\pandas\core\reshape\concat.py", line 445, in __init__
    objs, keys = self._clean_keys_and_objs(objs, keys)
                 ~~~~~~~~~~~~~~~~~~~~~~~~~^^^^^^^^^^^^
  File "D:\manoj\machine learning\Visualisation_Forecasting_Stocks\backend\.venv\Lib\site-packages\pandas\core\reshape\concat.py", line 507, in _clean_keys_and_objs
    raise ValueError("No objects to concatenate")
ValueError: No objects to concatenate

During handling of the above exception, another exception occurred:

Traceback (most recent call last):
  File "D:\manoj\machine learning\Visualisation_Forecasting_Stocks\backend\src\components\data_ingestion.py", line 91, in _fallback_yfinance
    df = yf.download(self.stock_symbol, period="max", interval="1d", auto_adjust=False)
  File "D:\manoj\machine learning\Visualisation_Forecasting_Stocks\backend\.venv\Lib\site-packages\yfinance\utils.py", line 92, in wrapper
    result = func(*args, **kwargs)
  File "D:\manoj\machine learning\Visualisation_Forecasting_Stocks\backend\.venv\Lib\site-packages\yfinance\multi.py", line 222, in download
    data = _pd.concat(shared._DFS.values(), axis=1, sort=True,
                      keys=shared._DFS.keys(), names=['Ticker', 'Price'])
  File "D:\manoj\machine learning\Visualisation_Forecasting_Stocks\backend\.venv\Lib\site-packages\pandas\core\reshape\concat.py", line 382, in concat
    op = _Concatenator(
        objs,
    ...<8 lines>...
        sort=sort,
    )
  File "D:\manoj\machine learning\Visualisation_Forecasting_Stocks\backend\.venv\Lib\site-packages\pandas\core\reshape\concat.py", line 445, in __init__
    objs, keys = self._clean_keys_and_objs(objs, keys)
                 ~~~~~~~~~~~~~~~~~~~~~~~~~^^^^^^^^^^^^
  File "D:\manoj\machine learning\Visualisation_Forecasting_Stocks\backend\.venv\Lib\site-packages\pandas\core\reshape\concat.py", line 507, in _clean_keys_and_objs
    raise ValueError("No objects to concatenate")
ValueError: No objects to concatenate

During handling of the above exception, another exception occurred:

Traceback (most recent call last):
  File "D:\manoj\machine learning\Visualisation_Forecasting_Stocks\backend\src\components\data_ingestion.py", line 82, in fin_data_ingestion
    return self._fallback_yfinance()
           ~~~~~~~~~~~~~~~~~~~~~~~^^
  File "D:\manoj\machine learning\Visualisation_Forecasting_Stocks\backend\src\components\data_ingestion.py", line 108, in _fallback_yfinance
    raise CustomException(e, sys)
src.exception.CustomException: Error occured in python script name [D:\manoj\machine learning\Visualisation_Forecasting_Stocks\backend\src\components\data_ingestion.py] line number [91] error message [No objects to concatenate]
[2025-11-21 21:31:22,318] 84 root - CRITICAL - Fallback yfinance ingestion failed for AAPL
Traceback (most recent call last):
  File "D:\manoj\machine learning\Visualisation_Forecasting_Stocks\backend\src\components\data_ingestion.py", line 103, in _fallback_yfinance
    df = df.dropna(subset=['date']).sort_values('date').reset_index(drop=True)
         ~~~~~~~~~^^^^^^^^^^^^^^^^^
  File "D:\manoj\machine learning\Visualisation_Forecasting_Stocks\backend\.venv\Lib\site-packages\pandas\core\frame.py", line 6692, in dropna
    raise KeyError(np.array(subset)[check].tolist())
KeyError: ['date']

During handling of the above exception, another exception occurred:

Traceback (most recent call last):
  File "D:\manoj\machine learning\Visualisation_Forecasting_Stocks\backend\src\components\data_ingestion.py", line 40, in fin_data_ingestion
    return self._fallback_yfinance()
           ~~~~~~~~~~~~~~~~~~~~~~~^^
  File "D:\manoj\machine learning\Visualisation_Forecasting_Stocks\backend\src\components\data_ingestion.py", line 108, in _fallback_yfinance
    raise CustomException(e, sys)
src.exception.CustomException: Error occured in python script name [D:\manoj\machine learning\Visualisation_Forecasting_Stocks\backend\src\components\data_ingestion.py] line number [103] error message [['date']]

During handling of the above exception, another exception occurred:

Traceback (most recent call last):
  File "D:\manoj\machine learning\Visualisation_Forecasting_Stocks\backend\src\components\data_ingestion.py", line 103, in _fallback_yfinance
    df = df.dropna(subset=['date']).sort_values('date').reset_index(drop=True)
         ~~~~~~~~~^^^^^^^^^^^^^^^^^
  File "D:\manoj\machine learning\Visualisation_Forecasting_Stocks\backend\.venv\Lib\site-packages\pandas\core\frame.py", line 6692, in dropna
    raise KeyError(np.array(subset)[check].tolist())
KeyError: ['date']

During handling of the above exception, another exception occurred:

Traceback (most recent call last):
  File "D:\manoj\machine learning\Visualisation_Forecasting_Stocks\backend\src\components\data_ingestion.py", line 82, in fin_data_ingestion
    return self._fallback_yfinance()
           ~~~~~~~~~~~~~~~~~~~~~~~^^
  File "D:\manoj\machine learning\Visualisation_Forecasting_Stocks\backend\src\components\data_ingestion.py", line 108, in _fallback_yfinance
    raise CustomException(e, sys)
src.exception.CustomException: Error occured in python script name [D:\manoj\machine learning\Visualisation_Forecasting_Stocks\backend\src\components\data_ingestion.py] line number [103] error message [['date']]
[2025-11-21 21:31:22,324] 84 root - CRITICAL - Fallback yfinance ingestion failed for AAPL
Traceback (most recent call last):
  File "D:\manoj\machine learning\Visualisation_Forecasting_Stocks\backend\src\components\data_ingestion.py", line 103, in _fallback_yfinance
    df = df.dropna(subset=['date']).sort_values('date').reset_index(drop=True)
         ~~~~~~~~~^^^^^^^^^^^^^^^^^
  File "D:\manoj\machine learning\Visualisation_Forecasting_Stocks\backend\.venv\Lib\site-packages\pandas\core\frame.py", line 6692, in dropna
    raise KeyError(np.array(subset)[check].tolist())
KeyError: ['date']

During handling of the above exception, another exception occurred:

Traceback (most recent call last):
  File "D:\manoj\machine learning\Visualisation_Forecasting_Stocks\backend\src\components\data_ingestion.py", line 40, in fin_data_ingestion
    return self._fallback_yfinance()
           ~~~~~~~~~~~~~~~~~~~~~~~^^
  File "D:\manoj\machine learning\Visualisation_Forecasting_Stocks\backend\src\components\data_ingestion.py", line 108, in _fallback_yfinance
    raise CustomException(e, sys)
src.exception.CustomException: Error occured in python script name [D:\manoj\machine learning\Visualisation_Forecasting_Stocks\backend\src\components\data_ingestion.py] line number [103] error message [['date']]

During handling of the above exception, another exception occurred:

Traceback (most recent call last):
  File "D:\manoj\machine learning\Visualisation_Forecasting_Stocks\backend\src\components\data_ingestion.py", line 103, in _fallback_yfinance
    df = df.dropna(subset=['date']).sort_values('date').reset_index(drop=True)
         ~~~~~~~~~^^^^^^^^^^^^^^^^^
  File "D:\manoj\machine learning\Visualisation_Forecasting_Stocks\backend\.venv\Lib\site-packages\pandas\core\frame.py", line 6692, in dropna
    raise KeyError(np.array(subset)[check].tolist())
KeyError: ['date']

During handling of the above exception, another exception occurred:

Traceback (most recent call last):
  File "D:\manoj\machine learning\Visualisation_Forecasting_Stocks\backend\src\components\data_ingestion.py", line 82, in fin_data_ingestion
    return self._fallback_yfinance()
           ~~~~~~~~~~~~~~~~~~~~~~~^^
  File "D:\manoj\machine learning\Visualisation_Forecasting_Stocks\backend\src\components\data_ingestion.py", line 108, in _fallback_yfinance
    raise CustomException(e, sys)
src.exception.CustomException: Error occured in python script name [D:\manoj\machine learning\Visualisation_Forecasting_Stocks\backend\src\components\data_ingestion.py] line number [103] error message [['date']]
[2025-11-21 21:31:22,369] 84 root - CRITICAL - Fallback yfinance ingestion failed for AAPL
Traceback (most recent call last):
  File "D:\manoj\machine learning\Visualisation_Forecasting_Stocks\backend\src\components\data_ingestion.py", line 103, in _fallback_yfinance
    df = df.dropna(subset=['date']).sort_values('date').reset_index(drop=True)
         ~~~~~~~~~^^^^^^^^^^^^^^^^^
  File "D:\manoj\machine learning\Visualisation_Forecasting_Stocks\backend\.venv\Lib\site-packages\pandas\core\frame.py", line 6692, in dropna
    raise KeyError(np.array(subset)[check].tolist())
KeyError: ['date']

During handling of the above exception, another exception occurred:

Traceback (most recent call last):
  File "D:\manoj\machine learning\Visualisation_Forecasting_Stocks\backend\src\components\data_ingestion.py", line 40, in fin_data_ingestion
    return self._fallback_yfinance()
           ~~~~~~~~~~~~~~~~~~~~~~~^^
  File "D:\manoj\machine learning\Visualisation_Forecasting_Stocks\backend\src\components\data_ingestion.py", line 108, in _fallback_yfinance
    raise CustomException(e, sys)
src.exception.CustomException: Error occured in python script name [D:\manoj\machine learning\Visualisation_Forecasting_Stocks\backend\src\components\data_ingestion.py] line number [103] error message [['date']]

During handling of the above exception, another exception occurred:

Traceback (most recent call last):
  File "D:\manoj\machine learning\Visualisation_Forecasting_Stocks\backend\src\components\data_ingestion.py", line 103, in _fallback_yfinance
    df = df.dropna(subset=['date']).sort_values('date').reset_index(drop=True)
         ~~~~~~~~~^^^^^^^^^^^^^^^^^
  File "D:\manoj\machine learning\Visualisation_Forecasting_Stocks\backend\.venv\Lib\site-packages\pandas\core\frame.py", line 6692, in dropna
    raise KeyError(np.array(subset)[check].tolist())
KeyError: ['date']

During handling of the above exception, another exception occurred:

Traceback (most recent call last):
  File "D:\manoj\machine learning\Visualisation_Forecasting_Stocks\backend\src\components\data_ingestion.py", line 82, in fin_data_ingestion
    return self._fallback_yfinance()
           ~~~~~~~~~~~~~~~~~~~~~~~^^
  File "D:\manoj\machine learning\Visualisation_Forecasting_Stocks\backend\src\components\data_ingestion.py", line 108, in _fallback_yfinance
    raise CustomException(e, sys)
src.exception.CustomException: Error occured in python script name [D:\manoj\machine learning\Visualisation_Forecasting_Stocks\backend\src\components\data_ingestion.py] line number [103] error message [['date']]
[2025-11-21 21:31:22,409] 84 root - CRITICAL - Fallback yfinance ingestion failed for AAPL
Traceback (most recent call last):
  File "D:\manoj\machine learning\Visualisation_Forecasting_Stocks\backend\src\components\data_ingestion.py", line 103, in _fallback_yfinance
    df = df.dropna(subset=['date']).sort_values('date').reset_index(drop=True)
         ~~~~~~~~~^^^^^^^^^^^^^^^^^
  File "D:\manoj\machine learning\Visualisation_Forecasting_Stocks\backend\.venv\Lib\site-packages\pandas\core\frame.py", line 6692, in dropna
    raise KeyError(np.array(subset)[check].tolist())
KeyError: ['date']

During handling of the above exception, another exception occurred:

Traceback (most recent call last):
  File "D:\manoj\machine learning\Visualisation_Forecasting_Stocks\backend\src\components\data_ingestion.py", line 40, in fin_data_ingestion
    return self._fallback_yfinance()
           ~~~~~~~~~~~~~~~~~~~~~~~^^
  File "D:\manoj\machine learning\Visualisation_Forecasting_Stocks\backend\src\components\data_ingestion.py", line 108, in _fallback_yfinance
    raise CustomException(e, sys)
src.exception.CustomException: Error occured in python script name [D:\manoj\machine learning\Visualisation_Forecasting_Stocks\backend\src\components\data_ingestion.py] line number [103] error message [['date']]

During handling of the above exception, another exception occurred:

Traceback (most recent call last):
  File "D:\manoj\machine learning\Visualisation_Forecasting_Stocks\backend\src\components\data_ingestion.py", line 103, in _fallback_yfinance
    df = df.dropna(subset=['date']).sort_values('date').reset_index(drop=True)
         ~~~~~~~~~^^^^^^^^^^^^^^^^^
  File "D:\manoj\machine learning\Visualisation_Forecasting_Stocks\backend\.venv\Lib\site-packages\pandas\core\frame.py", line 6692, in dropna
    raise KeyError(np.array(subset)[check].tolist())
KeyError: ['date']

During handling of the above exception, another exception occurred:

Traceback (most recent call last):
  File "D:\manoj\machine learning\Visualisation_Forecasting_Stocks\backend\src\components\data_ingestion.py", line 82, in fin_data_ingestion
    return self._fallback_yfinance()
           ~~~~~~~~~~~~~~~~~~~~~~~^^
  File "D:\manoj\machine learning\Visualisation_Forecasting_Stocks\backend\src\components\data_ingestion.py", line 108, in _fallback_yfinance
    raise CustomException(e, sys)
src.exception.CustomException: Error occured in python script name [D:\manoj\machine learning\Visualisation_Forecasting_Stocks\backend\src\components\data_ingestion.py] line number [103] error message [['date']]
[2025-11-21 21:31:22,414] 84 root - CRITICAL - Fallback yfinance ingestion failed for AAPL
Traceback (most recent call last):
  File "D:\manoj\machine learning\Visualisation_Forecasting_Stocks\backend\src\components\data_ingestion.py", line 103, in _fallback_yfinance
    df = df.dropna(subset=['date']).sort_values('date').reset_index(drop=True)
         ~~~~~~~~~^^^^^^^^^^^^^^^^^
  File "D:\manoj\machine learning\Visualisation_Forecasting_Stocks\backend\.venv\Lib\site-packages\pandas\core\frame.py", line 6692, in dropna
    raise KeyError(np.array(subset)[check].tolist())
KeyError: ['date']

During handling of the above exception, another exception occurred:

Traceback (most recent call last):
  File "D:\manoj\machine learning\Visualisation_Forecasting_Stocks\backend\src\components\data_ingestion.py", line 40, in fin_data_ingestion
    return self._fallback_yfinance()
           ~~~~~~~~~~~~~~~~~~~~~~~^^
  File "D:\manoj\machine learning\Visualisation_Forecasting_Stocks\backend\src\components\data_ingestion.py", line 108, in _fallback_yfinance
    raise CustomException(e, sys)
src.exception.CustomException: Error occured in python script name [D:\manoj\machine learning\Visualisation_Forecasting_Stocks\backend\src\components\data_ingestion.py] line number [103] error message [['date']]

During handling of the above exception, another exception occurred:

Traceback (most recent call last):
  File "D:\manoj\machine learning\Visualisation_Forecasting_Stocks\backend\src\components\data_ingestion.py", line 103, in _fallback_yfinance
    df = df.dropna(subset=['date']).sort_values('date').reset_index(drop=True)
         ~~~~~~~~~^^^^^^^^^^^^^^^^^
  File "D:\manoj\machine learning\Visualisation_Forecasting_Stocks\backend\.venv\Lib\site-packages\pandas\core\frame.py", line 6692, in dropna
    raise KeyError(np.array(subset)[check].tolist())
KeyError: ['date']

During handling of the above exception, another exception occurred:

Traceback (most recent call last):
  File "D:\manoj\machine learning\Visualisation_Forecasting_Stocks\backend\src\components\data_ingestion.py", line 82, in fin_data_ingestion
    return self._fallback_yfinance()
           ~~~~~~~~~~~~~~~~~~~~~~~^^
  File "D:\manoj\machine learning\Visualisation_Forecasting_Stocks\backend\src\components\data_ingestion.py", line 108, in _fallback_yfinance
    raise CustomException(e, sys)
src.exception.CustomException: Error occured in python script name [D:\manoj\machine learning\Visualisation_Forecasting_Stocks\backend\src\components\data_ingestion.py] line number [103] error message [['date']]
